------------------------------------------------------------
TimeQuest Timing Analyzer Summary
------------------------------------------------------------

Type  : Slow 1200mV 85C Model Setup 'clock_50MHz'
Slack : -3.214
TNS   : -147.384

Type  : Slow 1200mV 85C Model Setup 'Switch[1]'
Slack : -1.586
TNS   : -18.478

Type  : Slow 1200mV 85C Model Hold 'Switch[1]'
Slack : 0.294
TNS   : 0.000

Type  : Slow 1200mV 85C Model Hold 'clock_50MHz'
Slack : 0.393
TNS   : 0.000

Type  : Slow 1200mV 85C Model Minimum Pulse Width 'clock_50MHz'
Slack : -3.000
TNS   : -92.950

Type  : Slow 1200mV 85C Model Minimum Pulse Width 'Switch[1]'
Slack : -3.000
TNS   : -3.000

Type  : Slow 1200mV 0C Model Setup 'clock_50MHz'
Slack : -2.930
TNS   : -129.217

Type  : Slow 1200mV 0C Model Setup 'Switch[1]'
Slack : -1.464
TNS   : -15.953

Type  : Slow 1200mV 0C Model Hold 'Switch[1]'
Slack : 0.192
TNS   : 0.000

Type  : Slow 1200mV 0C Model Hold 'clock_50MHz'
Slack : 0.344
TNS   : 0.000

Type  : Slow 1200mV 0C Model Minimum Pulse Width 'clock_50MHz'
Slack : -3.000
TNS   : -92.950

Type  : Slow 1200mV 0C Model Minimum Pulse Width 'Switch[1]'
Slack : -3.000
TNS   : -3.000

Type  : Fast 1200mV 0C Model Setup 'clock_50MHz'
Slack : -1.361
TNS   : -43.148

Type  : Fast 1200mV 0C Model Setup 'Switch[1]'
Slack : -0.427
TNS   : -3.137

Type  : Fast 1200mV 0C Model Hold 'Switch[1]'
Slack : 0.121
TNS   : 0.000

Type  : Fast 1200mV 0C Model Hold 'clock_50MHz'
Slack : 0.177
TNS   : 0.000

Type  : Fast 1200mV 0C Model Minimum Pulse Width 'clock_50MHz'
Slack : -3.000
TNS   : -93.311

Type  : Fast 1200mV 0C Model Minimum Pulse Width 'Switch[1]'
Slack : -3.000
TNS   : -12.741

------------------------------------------------------------
