Flow report for teste
Mon Jul 31 15:40:44 2017
Quartus II 32-bit Version 13.0.1 Build 232 06/12/2013 Service Pack 1 SJ Web Edition


---------------------
; Table of Contents ;
---------------------
  1. Legal Notice
  2. Flow Summary
  3. Flow Settings
  4. Flow Non-Default Global Settings
  5. Flow Elapsed Time
  6. Flow OS Summary
  7. Flow Log
  8. Flow Messages
  9. Flow Suppressed Messages



----------------
; Legal Notice ;
----------------
Copyright (C) 1991-2013 Altera Corporation
Your use of Altera Corporation's design tools, logic functions 
and other software and tools, and its AMPP partner logic 
functions, and any output files from any of the foregoing 
(including device programming or simulation files), and any 
associated documentation or information are expressly subject 
to the terms and conditions of the Altera Program License 
Subscription Agreement, Altera MegaCore Function License 
Agreement, or other applicable license agreement, including, 
without limitation, that your use is for the sole purpose of 
programming logic devices manufactured by Altera and sold by 
Altera or its authorized distributors.  Please refer to the 
applicable agreement for further details.



+--------------------------------------------------------------------------------------+
; Flow Summary                                                                         ;
+------------------------------------+-------------------------------------------------+
; Flow Status                        ; Successful - Mon Jul 31 15:40:32 2017           ;
; Quartus II 32-bit Version          ; 13.0.1 Build 232 06/12/2013 SP 1 SJ Web Edition ;
; Revision Name                      ; teste                                           ;
; Top-level Entity Name              ; teste                                           ;
; Family                             ; Cyclone IV E                                    ;
; Total logic elements               ; 128 / 28,848 ( < 1 % )                          ;
;     Total combinational functions  ; 113 / 28,848 ( < 1 % )                          ;
;     Dedicated logic registers      ; 66 / 28,848 ( < 1 % )                           ;
; Total registers                    ; 66                                              ;
; Total pins                         ; 17 / 329 ( 5 % )                                ;
; Total virtual pins                 ; 0                                               ;
; Total memory bits                  ; 0 / 608,256 ( 0 % )                             ;
; Embedded Multiplier 9-bit elements ; 0 / 132 ( 0 % )                                 ;
; Total PLLs                         ; 0 / 4 ( 0 % )                                   ;
; Device                             ; EP4CE30F23C7                                    ;
; Timing Models                      ; Final                                           ;
+------------------------------------+-------------------------------------------------+


+-----------------------------------------+
; Flow Settings                           ;
+-------------------+---------------------+
; Option            ; Setting             ;
+-------------------+---------------------+
; Start date & time ; 07/31/2017 15:39:26 ;
; Main task         ; Compilation         ;
; Revision Name     ; teste               ;
+-------------------+---------------------+


+-------------------------------------------------------------------------------------------------+
; Flow Non-Default Global Settings                                                                ;
+-----------------------+------------------------------+---------------+-------------+------------+
; Assignment Name       ; Value                        ; Default Value ; Entity Name ; Section Id ;
+-----------------------+------------------------------+---------------+-------------+------------+
; COMPILER_SIGNATURE_ID ; 105425944304.150152636604943 ; --            ; --          ; --         ;
+-----------------------+------------------------------+---------------+-------------+------------+


+-------------------------------------------------------------------------------------------------------------------------------+
; Flow Elapsed Time                                                                                                             ;
+---------------------------+--------------+-------------------------+---------------------+------------------------------------+
; Module Name               ; Elapsed Time ; Average Processors Used ; Peak Virtual Memory ; Total CPU Time (on all processors) ;
+---------------------------+--------------+-------------------------+---------------------+------------------------------------+
; Analysis & Synthesis      ; 00:00:05     ; 1.0                     ; 328 MB              ; 00:00:05                           ;
; Fitter                    ; 00:00:41     ; 1.0                     ; 527 MB              ; 00:00:39                           ;
; Assembler                 ; 00:00:08     ; 1.0                     ; 331 MB              ; 00:00:08                           ;
; TimeQuest Timing Analyzer ; 00:00:08     ; 1.0                     ; 364 MB              ; 00:00:07                           ;
; Total                     ; 00:01:02     ; --                      ; --                  ; 00:00:59                           ;
+---------------------------+--------------+-------------------------+---------------------+------------------------------------+


+-----------------------------------------------------------------------------------------------+
; Flow OS Summary                                                                               ;
+---------------------------+------------------+------------------+------------+----------------+
; Module Name               ; Machine Hostname ; OS Name          ; OS Version ; Processor type ;
+---------------------------+------------------+------------------+------------+----------------+
; Analysis & Synthesis      ; LabHard-25099    ; Debian GNU/Linux ; 7          ; i686           ;
; Fitter                    ; LabHard-25099    ; Debian GNU/Linux ; 7          ; i686           ;
; Assembler                 ; LabHard-25099    ; Debian GNU/Linux ; 7          ; i686           ;
; TimeQuest Timing Analyzer ; LabHard-25099    ; Debian GNU/Linux ; 7          ; i686           ;
+---------------------------+------------------+------------------+------------+----------------+


------------
; Flow Log ;
------------
quartus_map --read_settings_files=on --source=../verilog/uart_test.v --source=../verilog/baud_rate.v --source=../verilog/estados_uart.v --source=../verilog/Mux_2-1.v --source=../verilog/rx.v --source=../verilog/top_level_uart.v --source=../verilog/tx.v --source=../verilog/teste.v teste
quartus_fit --part=EP4CE30F23C7 --read_settings_files=on teste
quartus_asm teste
quartus_sta teste



